INPUT img4_dummy_not_detected.webp size=310x417 ads=False fov_r=204 min_area=20.0
motion_px=36747 fused_px=48705 motion_cov%=28.4 pan_detected=False
cands=7 accepted=5
PASS1: active=True body=0.98 conf=0.85 bbox=(69,4,135x321) y_top_frac=0.010 reject=ok
  DBG PASS1 cand[0] reject=ok body=0.68 head=0.17 torso=0.70 limb=1.00 aspect=0.61 fill=0.16 circ=0.44 bbox=(0,187,23x14) area=1528 dist=153 parts=4 | parts=4 head=0.17 torso=0.70 limb=1.00 vert=0.72 geom=0.23 align=0.30 circ=0.44 fill=0.16
  DBG PASS1 cand[1] reject=ok body=0.77 head=0.00 torso=0.71 limb=1.00 aspect=3.63 fill=0.26 circ=0.42 bbox=(40,225,19x69) area=168 dist=112 parts=3 | parts=3 head=0.00 torso=0.71 limb=1.00 vert=1.00 geom=0.94 align=0.26 circ=0.42 fill=0.26
  DBG PASS1 cand[2] reject=floating_cluster body=0.00 head=0.00 torso=0.00 limb=0.00 aspect=1.00 fill=0.23 circ=0.63 bbox=(37,26,39x39) area=160 dist=195 parts=4 | floating_cluster
  DBG PASS1 cand[3] reject=ok body=0.98 head=0.92 torso=0.59 limb=1.00 aspect=2.38 fill=0.53 circ=0.69 bbox=(69,4,135x321) area=5208 dist=56 parts=23 | parts=23 head=0.92 torso=0.59 limb=1.00 vert=1.00 geom=0.35 align=0.10 circ=0.69 fill=0.53
  DBG PASS1 cand[4] reject=floating_cluster body=0.00 head=0.00 torso=0.00 limb=0.00 aspect=1.77 fill=0.52 circ=0.57 bbox=(203,42,26x46) area=260 dist=162 parts=5 | floating_cluster
  DBG PASS1 cand[5] reject=ok body=1.00 head=0.89 torso=0.78 limb=1.00 aspect=2.25 fill=0.26 circ=0.58 bbox=(222,57,88x198) area=2750 dist=126 parts=13 | parts=13 head=0.89 torso=0.78 limb=1.00 vert=1.00 geom=0.53 align=0.15 circ=0.58 fill=0.26
  DBG PASS1 accepted=4 from 6 clusters / 52 parts
  DBG PASS1 min_height filter: 4 -> 3 (min_h=60.0)
  DBG PASS1 SELECTED body=0.98 head=0.92 dist=56 bbox=135x321
PASS2_STICKY: active=True body=1.00 conf=0.86 bbox=(70,4,158x321) y_top_frac=0.010 reject=ok
  DBG PASS2_STICKY cand[0] reject=ok body=0.63 head=0.00 torso=0.72 limb=1.00 aspect=0.64 fill=0.07 circ=0.50 bbox=(0,187,22x14) area=1231 dist=153 parts=5 | parts=5 head=0.00 torso=0.72 limb=1.00 vert=0.72 geom=0.13 align=0.11 circ=0.50 fill=0.07
  DBG PASS2_STICKY cand[1] reject=floating_cluster body=0.00 head=0.00 torso=0.00 limb=0.00 aspect=1.00 fill=0.23 circ=0.63 bbox=(37,26,39x39) area=160 dist=195 parts=4 | floating_cluster
  DBG PASS2_STICKY cand[2] reject=ok body=1.00 head=0.96 torso=0.72 limb=1.00 aspect=2.03 fill=0.30 circ=0.67 bbox=(70,4,158x321) area=6650 dist=42 parts=69 | parts=69 head=0.96 torso=0.72 limb=1.00 vert=1.00 geom=0.29 align=0.11 circ=0.67 fill=0.30
  DBG PASS2_STICKY cand[3] reject=ok body=0.74 head=0.00 torso=0.76 limb=1.00 aspect=2.52 fill=0.22 circ=0.57 bbox=(227,92,64x161) area=1604 dist=112 parts=9 | parts=9 head=0.00 torso=0.76 limb=1.00 vert=1.00 geom=0.62 align=0.06 circ=0.57 fill=0.22
  DBG PASS2_STICKY cand[4] reject=no_body_structure body=0.68 head=0.43 torso=0.89 limb=0.35 aspect=6.61 fill=0.24 circ=0.50 bbox=(292,105,18x119) area=282 dist=151 parts=2 | parts=2 head=0.43 torso=0.89 limb=0.35 vert=1.00 geom=0.49 align=0.21 circ=0.50 fill=0.24
  DBG PASS2_STICKY accepted=3 from 5 clusters / 89 parts
  DBG PASS2_STICKY min_height filter: 3 -> 2 (min_h=60.0)
  DBG PASS2_STICKY SELECTED body=1.00 head=0.96 dist=42 reason=ok
IS_SKY=True y_top_frac=0.010 y_mid_frac=0.394
