INPUT img7_sky_dot_bug.png size=1193x736 ads=False fov_r=204 min_area=20.0
motion_px=175246 fused_px=186551 motion_cov%=20.0 pan_detected=False
cands=2 accepted=2
PASS1: active=True body=0.81 conf=0.74 bbox=(591,337,87x178) y_top_frac=0.458 reject=ok
  DBG PASS1 cand[0] reject=ok body=0.76 head=0.89 torso=0.00 limb=1.00 aspect=2.19 fill=0.08 circ=0.23 bbox=(393,380,21x46) area=505 dist=202 parts=3 | parts=3 head=0.89 torso=0.00 limb=1.00 vert=0.72 geom=0.86 align=0.30 circ=0.23 fill=0.08
  DBG PASS1 cand[1] reject=ok body=0.80 head=1.00 torso=0.00 limb=1.00 aspect=1.57 fill=0.36 circ=0.52 bbox=(449,430,14x22) area=486 dist=163 parts=4 | parts=4 head=1.00 torso=0.00 limb=1.00 vert=1.00 geom=0.62 align=0.57 circ=0.52 fill=0.36
  DBG PASS1 cand[2] reject=ok body=1.00 head=0.87 torso=0.64 limb=1.00 aspect=2.32 fill=0.24 circ=0.61 bbox=(485,269,106x246) area=3216 dist=61 parts=14 | parts=14 head=0.87 torso=0.64 limb=1.00 vert=1.00 geom=0.70 align=0.17 circ=0.61 fill=0.24
  DBG PASS1 cand[2] drop solidity=0.12 < min=0.15
  DBG PASS1 cand[3] reject=ok body=0.81 head=1.00 torso=0.00 limb=1.00 aspect=2.05 fill=0.26 circ=0.53 bbox=(591,337,87x178) area=2389 dist=28 parts=9 | parts=9 head=1.00 torso=0.00 limb=1.00 vert=1.00 geom=0.67 align=0.17 circ=0.53 fill=0.26
  DBG PASS1 cand[4] reject=horizontal_stripe body=0.00 head=0.00 torso=0.00 limb=0.00 aspect=0.55 fill=0.41 circ=0.10 bbox=(671,466,49x27) area=283 dist=146 parts=1 | horizontal_stripe
  DBG PASS1 accepted=3 from 5 clusters / 31 parts
  DBG PASS1 min_height filter: 3 -> 1 (min_h=60.0)
  DBG PASS1 SELECTED body=0.81 head=1.00 dist=28 bbox=87x178
PASS2_STICKY: active=False NO_TARGET
  DBG PASS2_STICKY cand[0] reject=no_body_stack body=0.00 head=0.00 torso=0.95 limb=0.20 aspect=2.10 fill=0.33 circ=0.12 bbox=(393,383,20x42) area=146 dist=196 parts=1 | no_body_stack circ=0.12 align=0.00 head=0.00 torso=0.95 limb=0.20 vert=1.00
  DBG PASS2_STICKY cand[1] reject=horizontal_stripe body=0.00 head=0.00 torso=0.00 limb=0.00 aspect=0.66 fill=0.70 circ=0.63 bbox=(449,473,35x23) area=278 dist=172 parts=3 | horizontal_stripe
  DBG PASS2_STICKY cand[2] reject=ok body=1.00 head=0.92 torso=0.68 limb=1.00 aspect=3.17 fill=0.34 circ=0.56 bbox=(498,281,72x228) area=1438 dist=62 parts=12 | parts=12 head=0.92 torso=0.68 limb=1.00 vert=1.00 geom=0.88 align=0.16 circ=0.56 fill=0.34
  DBG PASS2_STICKY cand[2] drop solidity=0.09 < min=0.15
  DBG PASS2_STICKY cand[3] reject=horizontal_stripe body=0.00 head=0.00 torso=0.00 limb=0.00 aspect=0.46 fill=0.00 circ=0.60 bbox=(569,509,13x6) area=40 dist=145 parts=1 | horizontal_stripe
  DBG PASS2_STICKY cand[4] reject=no_body_stack body=0.00 head=0.21 torso=0.74 limb=0.35 aspect=1.50 fill=0.42 circ=0.15 bbox=(592,458,38x57) area=428 dist=111 parts=2 | no_body_stack circ=0.15 align=0.23 head=0.21 torso=0.74 limb=0.35 vert=1.00
  DBG PASS2_STICKY cand[5] reject=horizontal_stripe body=0.00 head=0.00 torso=0.00 limb=0.00 aspect=0.94 fill=0.88 circ=0.43 bbox=(601,337,18x17) area=190 dist=28 parts=1 | horizontal_stripe
  DBG PASS2_STICKY cand[6] reject=no_body_stack body=0.00 head=0.00 torso=0.90 limb=0.35 aspect=1.50 fill=0.28 circ=0.41 bbox=(638,440,46x69) area=320 dist=116 parts=2 | no_body_stack circ=0.41 align=0.21 head=0.00 torso=0.90 limb=0.35 vert=1.00
  DBG PASS2_STICKY cand[7] reject=horizontal_stripe body=0.00 head=0.00 torso=0.00 limb=0.00 aspect=0.80 fill=0.30 circ=0.25 bbox=(694,471,25x20) area=84 dist=156 parts=1 | horizontal_stripe
  DBG PASS2_STICKY accepted=0 from 8 clusters / 23 parts
IS_SKY=False y_top_frac=0.458 y_mid_frac=0.579
